{
    "download": {
        "content": [
            {
                "0": [
                    
                ],
                "1": [
                    
                ],
                "2": [
                    
                ],
                "3": [
                    
                ],
                "accession2taxid": [
                    
                ],
                "names": [
                    
                ],
                "nodes": [
                    
                ],
                "versions": [
                    
                ]
            }
        ],
        "meta": {
            "nf-test": "0.9.2",
            "nextflow": "24.10.4"
        },
        "timestamp": "2025-02-03T13:56:49.20584"
    },
    "download - stub": {
        "content": [
            {
                "0": [
                    [
                        {
                            "id": "test"
                        },
                        "nucl_gb.accession2taxid:md5,d41d8cd98f00b204e9800998ecf8427e"
                    ]
                ],
                "1": [
                    [
                        {
                            "id": "test"
                        },
                        "names.dmp:md5,d41d8cd98f00b204e9800998ecf8427e"
                    ]
                ],
                "2": [
                    [
                        {
                            "id": "test"
                        },
                        "nodes.dmp:md5,d41d8cd98f00b204e9800998ecf8427e"
                    ]
                ],
                "3": [
                    [
                        {
                            "id": "test"
                        },
                        [
                            [
                                "names.dmp:md5,d41d8cd98f00b204e9800998ecf8427e",
                                "nodes.dmp:md5,d41d8cd98f00b204e9800998ecf8427e",
                                "nucl_gb.accession2taxid:md5,d41d8cd98f00b204e9800998ecf8427e"
                            ],
                            "versions.yml:md5,b98b46449a638f8825d42a6abe7a742e"
                        ]
                    ]
                ],
                "4": [
                    "versions.yml:md5,b98b46449a638f8825d42a6abe7a742e"
                ],
                "accession2taxid": [
                    [
                        {
                            "id": "test"
                        },
                        "nucl_gb.accession2taxid:md5,d41d8cd98f00b204e9800998ecf8427e"
                    ]
                ],
                "downloadtaxonomy_dir": [
                    [
                        {
                            "id": "test"
                        },
                        [
                            [
                                "names.dmp:md5,d41d8cd98f00b204e9800998ecf8427e",
                                "nodes.dmp:md5,d41d8cd98f00b204e9800998ecf8427e",
                                "nucl_gb.accession2taxid:md5,d41d8cd98f00b204e9800998ecf8427e"
                            ],
                            "versions.yml:md5,b98b46449a638f8825d42a6abe7a742e"
                        ]
                    ]
                ],
                "names": [
                    [
                        {
                            "id": "test"
                        },
                        "names.dmp:md5,d41d8cd98f00b204e9800998ecf8427e"
                    ]
                ],
                "nodes": [
                    [
                        {
                            "id": "test"
                        },
                        "nodes.dmp:md5,d41d8cd98f00b204e9800998ecf8427e"
                    ]
                ],
                "versions": [
                    "versions.yml:md5,b98b46449a638f8825d42a6abe7a742e"
                ]
            },
            {
                "CRABS_DOWNLOADTAXONOMY": {
                    "crabs": "v1.0.7"
                }
            }
        ],
        "meta": {
            "nf-test": "0.9.2",
            "nextflow": "24.10.4"
        },
        "timestamp": "2025-02-03T14:07:27.923472"
    }
}