{
    "sarscov2 - bam - paired_end": {
        "content": [
            {
                "0": [
                    
                ],
                "1": [
                    "versions.yml:md5,4820638f03885c8a271659bd2d73705c"
                ],
                "table_bqsr": [
                    
                ],
                "versions": [
                    "versions.yml:md5,4820638f03885c8a271659bd2d73705c"
                ]
            }
        ],
        "meta": {
            "nf-test": "0.9.0",
            "nextflow": "24.04.4"
        },
        "timestamp": "2024-08-02T16:35:25.000684"
    }
}