{
    "sarscov2 - test-search": {
        "content": [
            {
                "0": [
                    [
                        {
                            "id": "test_query",
                            "single_end": true
                        },
                        [
                            "test_output_search.0:md5,e85671ec77d822e9b952110e7f87ef93",
                            "test_output_search.1:md5,d41d8cd98f00b204e9800998ecf8427e",
                            "test_output_search.dbtype:md5,cbe23d9655fccd4311acdd6261c81bd8",
                            "test_output_search.index:md5,c9323312ba44d0a8bb44136d7d5b951f"
                        ]
                    ]
                ],
                "1": [
                    "versions.yml:md5,2568126b1f8eb47999b31cd5f3b9c68e"
                ],
                "db_search": [
                    [
                        {
                            "id": "test_query",
                            "single_end": true
                        },
                        [
                            "test_output_search.0:md5,e85671ec77d822e9b952110e7f87ef93",
                            "test_output_search.1:md5,d41d8cd98f00b204e9800998ecf8427e",
                            "test_output_search.dbtype:md5,cbe23d9655fccd4311acdd6261c81bd8",
                            "test_output_search.index:md5,c9323312ba44d0a8bb44136d7d5b951f"
                        ]
                    ]
                ],
                "versions": [
                    "versions.yml:md5,2568126b1f8eb47999b31cd5f3b9c68e"
                ]
            },
            {
                "MMSEQS_SEARCH": {
                    "mmseqs": "15.6f452"
                }
            }
        ],
        "meta": {
            "nf-test": "0.9.2",
            "nextflow": "24.10.3"
        },
        "timestamp": "2025-01-15T09:28:21.271352337"
    },
    "sarscov2 - test-search - stub": {
        "content": [
            {
                "0": [
                    [
                        {
                            "id": "test_query",
                            "single_end": true
                        },
                        [
                            "test_output_search.0:md5,d41d8cd98f00b204e9800998ecf8427e",
                            "test_output_search.1:md5,d41d8cd98f00b204e9800998ecf8427e",
                            "test_output_search.2:md5,d41d8cd98f00b204e9800998ecf8427e",
                            "test_output_search.3:md5,d41d8cd98f00b204e9800998ecf8427e",
                            "test_output_search.4:md5,d41d8cd98f00b204e9800998ecf8427e",
                            "test_output_search.5:md5,d41d8cd98f00b204e9800998ecf8427e",
                            "test_output_search.6:md5,d41d8cd98f00b204e9800998ecf8427e",
                            "test_output_search.7:md5,d41d8cd98f00b204e9800998ecf8427e",
                            "test_output_search.8:md5,d41d8cd98f00b204e9800998ecf8427e",
                            "test_output_search.9:md5,d41d8cd98f00b204e9800998ecf8427e",
                            "test_output_search.dbtype:md5,d41d8cd98f00b204e9800998ecf8427e",
                            "test_output_search.index:md5,d41d8cd98f00b204e9800998ecf8427e"
                        ]
                    ]
                ],
                "1": [
                    "versions.yml:md5,2568126b1f8eb47999b31cd5f3b9c68e"
                ],
                "db_search": [
                    [
                        {
                            "id": "test_query",
                            "single_end": true
                        },
                        [
                            "test_output_search.0:md5,d41d8cd98f00b204e9800998ecf8427e",
                            "test_output_search.1:md5,d41d8cd98f00b204e9800998ecf8427e",
                            "test_output_search.2:md5,d41d8cd98f00b204e9800998ecf8427e",
                            "test_output_search.3:md5,d41d8cd98f00b204e9800998ecf8427e",
                            "test_output_search.4:md5,d41d8cd98f00b204e9800998ecf8427e",
                            "test_output_search.5:md5,d41d8cd98f00b204e9800998ecf8427e",
                            "test_output_search.6:md5,d41d8cd98f00b204e9800998ecf8427e",
                            "test_output_search.7:md5,d41d8cd98f00b204e9800998ecf8427e",
                            "test_output_search.8:md5,d41d8cd98f00b204e9800998ecf8427e",
                            "test_output_search.9:md5,d41d8cd98f00b204e9800998ecf8427e",
                            "test_output_search.dbtype:md5,d41d8cd98f00b204e9800998ecf8427e",
                            "test_output_search.index:md5,d41d8cd98f00b204e9800998ecf8427e"
                        ]
                    ]
                ],
                "versions": [
                    "versions.yml:md5,2568126b1f8eb47999b31cd5f3b9c68e"
                ]
            },
            {
                "MMSEQS_SEARCH": {
                    "mmseqs": "15.6f452"
                }
            }
        ],
        "meta": {
            "nf-test": "0.9.2",
            "nextflow": "24.10.3"
        },
        "timestamp": "2025-01-15T09:28:46.406630911"
    }
}