{
    "human - cram - pe": {
        "content": [
            "2f11e4fe3390b8ad0a1852616fd1da04",
            "test.bam.bai",
            [
                "versions.yml:md5,f396830824c06b6dc30056e423a91634"
            ]
        ],
        "meta": {
            "nf-test": "0.9.2",
            "nextflow": "24.10.0"
        },
        "timestamp": "2024-11-18T11:54:00.058502995"
    },
    "sarscov2 - bam - pe": {
        "content": [
            "894549ee3ced6b5ca2eed2563a985217",
            "test.bam.bai",
            [
                "versions.yml:md5,f396830824c06b6dc30056e423a91634"
            ]
        ],
        "meta": {
            "nf-test": "0.9.2",
            "nextflow": "24.10.0"
        },
        "timestamp": "2024-11-18T11:53:44.454574245"
    },
    "sarscov2 - bam - pe - intervals": {
        "content": [
            "b194021b699cc5cf4b2b1f715e0b7b4c",
            "test.bam.bai",
            [
                "versions.yml:md5,f396830824c06b6dc30056e423a91634"
            ]
        ],
        "meta": {
            "nf-test": "0.9.2",
            "nextflow": "24.10.0"
        },
        "timestamp": "2024-11-18T11:53:51.990145786"
    },
    "sarscov2 - bam - pe - intervals - stub": {
        "content": [
            {
                "0": [
                    [
                        {
                            "id": "test"
                        },
                        "test.bam:md5,d41d8cd98f00b204e9800998ecf8427e"
                    ]
                ],
                "1": [
                    [
                        {
                            "id": "test"
                        },
                        "test.bam.bai:md5,d41d8cd98f00b204e9800998ecf8427e"
                    ]
                ],
                "2": [
                    "versions.yml:md5,f396830824c06b6dc30056e423a91634"
                ],
                "bai": [
                    [
                        {
                            "id": "test"
                        },
                        "test.bam.bai:md5,d41d8cd98f00b204e9800998ecf8427e"
                    ]
                ],
                "bam": [
                    [
                        {
                            "id": "test"
                        },
                        "test.bam:md5,d41d8cd98f00b204e9800998ecf8427e"
                    ]
                ],
                "versions": [
                    "versions.yml:md5,f396830824c06b6dc30056e423a91634"
                ]
            }
        ],
        "meta": {
            "nf-test": "0.9.2",
            "nextflow": "24.10.0"
        },
        "timestamp": "2024-11-18T11:52:42.443314174"
    },
    "human - cram - pe - intervals - stub": {
        "content": [
            {
                "0": [
                    [
                        {
                            "id": "test"
                        },
                        "test.bam:md5,d41d8cd98f00b204e9800998ecf8427e"
                    ]
                ],
                "1": [
                    [
                        {
                            "id": "test"
                        },
                        "test.bam.bai:md5,d41d8cd98f00b204e9800998ecf8427e"
                    ]
                ],
                "2": [
                    "versions.yml:md5,f396830824c06b6dc30056e423a91634"
                ],
                "bai": [
                    [
                        {
                            "id": "test"
                        },
                        "test.bam.bai:md5,d41d8cd98f00b204e9800998ecf8427e"
                    ]
                ],
                "bam": [
                    [
                        {
                            "id": "test"
                        },
                        "test.bam:md5,d41d8cd98f00b204e9800998ecf8427e"
                    ]
                ],
                "versions": [
                    "versions.yml:md5,f396830824c06b6dc30056e423a91634"
                ]
            }
        ],
        "meta": {
            "nf-test": "0.9.2",
            "nextflow": "24.10.0"
        },
        "timestamp": "2024-11-18T11:52:36.003089173"
    }
}