{
    "sarscov2 - fasta - stub": {
        "content": [
            {
                "0": [
                    [
                        {
                            "id": "test"
                        },
                        "test.fa:md5,d41d8cd98f00b204e9800998ecf8427e"
                    ]
                ],
                "1": [
                    "versions.yml:md5,d334dbe811797a5944b67d096b125b7c"
                ],
                "fasta": [
                    [
                        {
                            "id": "test"
                        },
                        "test.fa:md5,d41d8cd98f00b204e9800998ecf8427e"
                    ]
                ],
                "versions": [
                    "versions.yml:md5,d334dbe811797a5944b67d096b125b7c"
                ]
            }
        ],
        "meta": {
            "nf-test": "0.9.0",
            "nextflow": "24.04.4"
        },
        "timestamp": "2024-09-05T12:28:13.221768"
    },
    "sarscov2 - fasta": {
        "content": [
            [
                "versions.yml:md5,d334dbe811797a5944b67d096b125b7c"
            ],
            "test.crabs.fa"
        ],
        "meta": {
            "nf-test": "0.9.0",
            "nextflow": "24.04.4"
        },
        "timestamp": "2024-09-05T14:46:51.816788"
    }
}