{
    "human - vcf - stub": {
        "content": [
            {
                "0": [
                    [
                        {
                            "id": "test_normal"
                        },
                        "test_normal.json:md5,d41d8cd98f00b204e9800998ecf8427e"
                    ]
                ],
                "1": [
                    "versions.yml:md5,28d5042c15063d0d08d25fa7f0d265b3"
                ],
                "json": [
                    [
                        {
                            "id": "test_normal"
                        },
                        "test_normal.json:md5,d41d8cd98f00b204e9800998ecf8427e"
                    ]
                ],
                "versions": [
                    "versions.yml:md5,28d5042c15063d0d08d25fa7f0d265b3"
                ]
            },
            {
                "VARLOCIRAPTOR_ESTIMATEMUTATIONALBURDEN": {
                    "varlociraptor": "8.7.3"
                }
            }
        ],
        "meta": {
            "nf-test": "0.9.2",
            "nextflow": "25.04.3"
        },
        "timestamp": "2025-07-31T14:53:03.872136"
    }
}