{
    "human - bam - intervals - gvcf": {
        "content": [
            [
                "versions.yml:md5,c7bcf80d609e2951eb99f0b774cd2f6d"
            ]
        ],
        "meta": {
            "nf-test": "0.9.2",
            "nextflow": "24.10.0"
        },
        "timestamp": "2024-11-14T15:26:48.481295634"
    },
    "human - bam - stub": {
        "content": [
            {
                "0": [
                    [
                        {
                            "id": "test"
                        },
                        "test.vcf:md5,d41d8cd98f00b204e9800998ecf8427e"
                    ]
                ],
                "1": [
                    "versions.yml:md5,c7bcf80d609e2951eb99f0b774cd2f6d"
                ],
                "vcf": [
                    [
                        {
                            "id": "test"
                        },
                        "test.vcf:md5,d41d8cd98f00b204e9800998ecf8427e"
                    ]
                ],
                "versions": [
                    "versions.yml:md5,c7bcf80d609e2951eb99f0b774cd2f6d"
                ]
            }
        ],
        "meta": {
            "nf-test": "0.9.2",
            "nextflow": "24.10.0"
        },
        "timestamp": "2024-11-14T15:05:28.449273519"
    },
    "human - bam - intervals": {
        "content": [
            "27097afc7aae62918a3e26790cc189c3",
            [
                "versions.yml:md5,c7bcf80d609e2951eb99f0b774cd2f6d"
            ]
        ],
        "meta": {
            "nf-test": "0.9.2",
            "nextflow": "24.10.0"
        },
        "timestamp": "2024-11-14T15:06:52.854870182"
    },
    "human - bam": {
        "content": [
            "8b526a232f93a5036176336415abf7d1",
            [
                "versions.yml:md5,c7bcf80d609e2951eb99f0b774cd2f6d"
            ]
        ],
        "meta": {
            "nf-test": "0.9.2",
            "nextflow": "24.10.0"
        },
        "timestamp": "2024-11-14T15:06:37.651354312"
    },
    "human - bam - intervals - gvcf - stub": {
        "content": [
            {
                "0": [
                    [
                        {
                            "id": "test"
                        },
                        "test.g.vcf:md5,d41d8cd98f00b204e9800998ecf8427e"
                    ]
                ],
                "1": [
                    "versions.yml:md5,c7bcf80d609e2951eb99f0b774cd2f6d"
                ],
                "vcf": [
                    [
                        {
                            "id": "test"
                        },
                        "test.g.vcf:md5,d41d8cd98f00b204e9800998ecf8427e"
                    ]
                ],
                "versions": [
                    "versions.yml:md5,c7bcf80d609e2951eb99f0b774cd2f6d"
                ]
            }
        ],
        "meta": {
            "nf-test": "0.9.2",
            "nextflow": "24.10.0"
        },
        "timestamp": "2024-11-14T15:12:11.438654866"
    }
}