{
    "sarscov2 - [bam,vcf,json,fasta]": {
        "content": [
            "test.bcf",
            [
                "versions.yml:md5,38d683b9e79eef96c45f3689338f8240"
            ]
        ],
        "meta": {
            "nf-test": "0.9.2",
            "nextflow": "25.04.3"
        },
        "timestamp": "2025-09-15T11:58:49.48175"
    },
    "sarscov2 - [bam,vcf,json,fasta] - stub": {
        "content": [
            {
                "0": [
                    [
                        {
                            "id": "test"
                        },
                        "test.bcf:md5,d41d8cd98f00b204e9800998ecf8427e"
                    ]
                ],
                "1": [
                    "versions.yml:md5,38d683b9e79eef96c45f3689338f8240"
                ],
                "bcf": [
                    [
                        {
                            "id": "test"
                        },
                        "test.bcf:md5,d41d8cd98f00b204e9800998ecf8427e"
                    ]
                ],
                "versions": [
                    "versions.yml:md5,38d683b9e79eef96c45f3689338f8240"
                ]
            },
            {
                "VARLOCIRAPTOR_PREPROCESS": {
                    "varlociraptor": "8.7.4"
                }
            }
        ],
        "meta": {
            "nf-test": "0.9.2",
            "nextflow": "25.04.3"
        },
        "timestamp": "2025-07-31T14:53:21.055104"
    }
}