{
    "human - 20250314 - grch38 - stub": {
        "content": [
            {
                "0": [
                    [
                        {
                            "id": "test"
                        },
                        [
                            
                        ]
                    ]
                ],
                "1": [
                    "versions.yml:md5,5e6cd06e2e1cb1e969fc5fdc57cbbb09"
                ],
                "pcgrref": [
                    [
                        {
                            "id": "test"
                        },
                        [
                            
                        ]
                    ]
                ],
                "versions": [
                    "versions.yml:md5,5e6cd06e2e1cb1e969fc5fdc57cbbb09"
                ]
            },
            {
                "PCGR_GETREF": {
                    "wget": "1.25.0"
                }
            }
        ],
        "meta": {
            "nf-test": "0.9.3",
            "nextflow": "25.04.8"
        },
        "timestamp": "2025-10-29T12:52:32.031963"
    }
}