{
    "homo sapiens - vcf - stub": {
        "content": [
            {
                "0": [
                    [
                        {
                            "id": "test"
                        },
                        "test.nv.vcf.gz:md5,68b329da9893e34099c7d8ad5cb9c940"
                    ]
                ],
                "1": [
                    [
                        {
                            "id": "test"
                        },
                        "test.nv.vcf.gz.tbi:md5,d41d8cd98f00b204e9800998ecf8427e"
                    ]
                ],
                "2": [
                    "versions.yml:md5,53ff464ab460a1bc3b5916d21e69a080"
                ],
                "tbi": [
                    [
                        {
                            "id": "test"
                        },
                        "test.nv.vcf.gz.tbi:md5,d41d8cd98f00b204e9800998ecf8427e"
                    ]
                ],
                "vcf": [
                    [
                        {
                            "id": "test"
                        },
                        "test.nv.vcf.gz:md5,68b329da9893e34099c7d8ad5cb9c940"
                    ]
                ],
                "versions": [
                    "versions.yml:md5,53ff464ab460a1bc3b5916d21e69a080"
                ]
            },
            {
                "GATK4_NVSCOREVARIANTS": {
                    "gatk4": "NVSCOREVARIANTS-PREVIEW-SNAPSHOT"
                }
            }
        ],
        "meta": {
            "nf-test": "0.9.2",
            "nextflow": "24.10.6"
        },
        "timestamp": "2025-05-28T17:05:30.233766162"
    }
}